0 0 1 2 5 6 6 8 8 11 12 16 19 19 29 30 33 43 43 43
88
