0 0 1 5 8 8 10 10 11 17 19 20 23 24 27 29 29 30 31 32 33 35 36 43 43 44 47 49 51 51 52 56 56 62 62 63 64 66 68 69 69 72 75 76 80 84 90 92 93 97
286
