0 0 0 0 0 1 1 1 2 2 3 3 4 5 5 5 5 6 6 6 6 7 8 8 8 9 9 9 10 10 10 10 10 10 11 11 11 12 13 13 13 14 15 17 18 18 19 19 19 19 19 20 20 20 21 23 23 24 24 24 25 25 26 26 27 27 27 27 29 29 29 30 30 30 30 30 31 31 31 31 32 32 32 33 34 34 34 35 36 37 38 38 38 40 42 42 43 43 43 44 44 45 46 47 47 47 47 49 49 49 49 50 50 51 51 51 52 52 52 54 55 55 56 56 56 56 56 57 58 58 60 60 61 62 62 62 63 63 64 64 65 65 66 68 68 68 68 69 69 70 70 71 72 72 73 73 74 74 75 76 78 79 80 80 82 83 83 84 84 85 85 86 87 87 87 87 87 88 88 89 90 90 90 90 91 92 93 93 93 93 93 95 95 95 96 96 97 97 97 97
1544
